// Jest Snapshot v1, https://goo.gl/fbAQLP

exports[`AttachmentManager renders FileManager when type is file 1`] = `
<FileManager
  loadAttachments={[Function]}
  prop1="foo"
  prop2="bar"
  prop3="baz"
  type="file"
/>
`;

exports[`AttachmentManager renders ImageManager when type is image 1`] = `
<DragDropContext(ImageManager)
  loadAttachments={[Function]}
  prop1="foo"
  prop2="bar"
  prop3="baz"
  type="image"
/>
`;

exports[`FileManager matches last snapshot 1`] = `
<div
  data-stylename="file-manager"
>
  <div
    data-stylename="section-label"
  >
    Files
  </div>
  <div
    data-stylename="file-previews"
  >
    <FilePreview
      key="0"
      position={0}
      removeFile={[Function]}
      url="foo.pdf"
    />
    <FilePreview
      key="1"
      position={1}
      removeFile={[Function]}
      url="bar.zip"
    />
    <div
      data-stylename="loading-file"
    >
      Loading...
    </div>
    <Connect(ChangeImageButton)
      attachmentType="file"
      data-stylename="add-file-row"
      update={[Function]}
      uploadSettings={
        Object {
          "id": 1,
          "type": "post",
        }
      }
    >
      <div
        data-stylename="add-file"
      >
        <span
          data-stylename="add-file-plus"
        >
          +
        </span>
         Add File
      </div>
    </Connect(ChangeImageButton)>
  </div>
</div>
`;

exports[`FilePreview matches last snapshot 1`] = `
<div
  data-stylename="file-preview"
>
  <Icon
    data-stylename="icon-document"
    name="Document"
  />
  <div
    data-stylename="file-name"
  >
    foo.pdf
  </div>
  <div
    data-stylename="file-size"
  >
    23.3mb
  </div>
  <Icon
    data-stylename="remove-file"
    name="Ex"
    onClick={[Function]}
  />
</div>
`;

exports[`ImageManager matches last snapshot 1`] = `
<div
  data-stylename="image-manager"
>
  <div
    data-stylename="section-label"
  >
    Images
  </div>
  <div
    data-stylename="image-previews"
  >
    <DropTarget(DragSource(ImagePreview))
      key="0"
      position={0}
      removeImage={[Function]}
      switchImages={[Function]}
      url="foo.png"
    />
    <DropTarget(DragSource(ImagePreview))
      key="1"
      position={1}
      removeImage={[Function]}
      switchImages={[Function]}
      url="bar.jpg"
    />
    <div
      data-stylename="add-image"
    >
      <Loading />
    </div>
    <Connect(ChangeImageButton)
      attachmentType="image"
      update={[Function]}
      uploadSettings={
        Object {
          "id": 1,
          "type": "post",
        }
      }
    >
      <div
        data-stylename="add-image"
      >
        +
      </div>
    </Connect(ChangeImageButton)>
  </div>
</div>
`;

exports[`ImagePreview matches last snapshot 1`] = `
<div
  data-stylename="image-preview"
>
  <div
    data-stylename="image"
    style={
      Object {
        "backgroundImage": "url(foo.zng)",
      }
    }
  >
    <Icon
      data-stylename="remove-image"
      name="Ex"
      onClick={[Function]}
    />
    <div
      data-stylename="drag-preview"
    />
  </div>
</div>
`;
