// Jest Snapshot v1, https://goo.gl/fbAQLP

exports[`PeopleSelector matches the last snapshot 1`] = `
<div
  data-styleName="people-selector"
>
  <div
    data-styleName="thread-header"
    tabIndex="0"
  >
    <div
      data-styleName="autocomplete-control"
    >
      <input
        autoFocus={true}
        data-styleName="autocomplete"
        onChange={[Function]}
        onKeyDown={[Function]}
        placeholder="Type in the names of people to message"
        spellCheck={false}
        type="text"
      />
    </div>
    <CloseMessages />
  </div>
  <PeopleSelectorContacts />
</div>
`;
