// Jest Snapshot v1, https://goo.gl/fbAQLP

exports[`RedirectToCreateCommunityFlow returns a redirect from create community if: signup is complete, a user does not have memberships, and is not already on /signup or /create-community 1`] = `
<Redirect
  push={false}
  to="/create-community/name"
/>
`;

exports[`RedirectToCreateCommunityFlow returns null if a signup is in progress 1`] = `null`;

exports[`RedirectToCreateCommunityFlow returns null if pathname starts with /create-community 1`] = `null`;

exports[`RedirectToCreateCommunityFlow returns null if pathname starts with /signup 1`] = `null`;

exports[`RedirectToCreateCommunityFlow returns null if there are memberships 1`] = `null`;
