// Jest Snapshot v1, https://goo.gl/fbAQLP

exports[`shows DownloadAppModal if the user is on mobile 1`] = `
<div
  data-stylename="container"
>
  <Connect(Drawer)
    data-stylename="drawer hidden"
  />
  <Connect(TopNav)
    data-stylename="top"
    onClick={[Function]}
  />
  <div
    data-stylename="main"
    onClick={[Function]}
  >
    <withRouter(Connect(Navigation))
      collapsed={false}
      data-stylename="left"
      showTopics={true}
    />
    <div
      data-stylename="center"
      id="center-column"
    >
      <RedirectToSignupFlow
        pathname="path"
      />
      <RedirectToCommunity
        path="/"
      />
      <RedirectToCommunity
        path="/app"
      />
      <Switch>
        <Route
          exact={true}
          path="/c/:slug/tag/:topicName"
          render={[Function]}
        />
        <Route
          exact={true}
          path="/c/:slug/join/:accessCode/tag/:topicName"
          render={[Function]}
        />
        <Route
          exact={true}
          path="/p/:postId"
          render={[Function]}
        />
        <Route
          exact={true}
          path="/u/:id"
          render={[Function]}
        />
        <Route
          exact={true}
          path="/c/:slug/about"
          render={[Function]}
        />
        <Route
          exact={true}
          path="/c/:slug/people"
          render={[Function]}
        />
        <Route
          exact={true}
          path="/c/:slug/invite"
          render={[Function]}
        />
        <Route
          exact={true}
          path="/c/:slug/events"
          render={[Function]}
        />
        <Route
          exact={true}
          path="/c/:slug/projects"
          render={[Function]}
        />
        <Route
          component={[Function]}
          exact={true}
          path="/tag/:topicName"
        />
        <Route
          component={[Function]}
          exact={true}
          path="/all"
        />
        <Route
          component={[Function]}
          exact={true}
          path="/all/:topicName"
        />
        <Route
          component={[Function]}
          path="/all/p/:postId"
        />
        <Route
          component={[Function]}
          exact={true}
          path="/c/:slug"
        />
        <Route
          component={[Function]}
          path="/c/:slug/members"
        />
        <Route
          component={[Function]}
          path="/c/:slug/m/:id"
        />
        <Route
          component={[Function]}
          path="/m/:id"
        />
        <Route
          component={[Function]}
          path="/c/:slug/p/:postId"
        />
        <Route
          component={[Function]}
          path="/c/:slug/topics"
        />
        <Route
          component={[Function]}
          path="/c/:slug/settings"
        />
        <Route
          component={[Function]}
          path="/c/:slug/:topicName/p/:postId"
        />
        <Route
          component={[Function]}
          path="/c/:slug/:topicName"
        />
        <Route
          component={[Function]}
          exact={true}
          path="/n/:networkSlug"
        />
        <Route
          component={[Function]}
          path="/n/:networkSlug/p/:postId"
        />
        <Route
          component={[Function]}
          path="/n/:networkSlug/members"
        />
        <Route
          component={[Function]}
          path="/n/:networkSlug/m/:id"
        />
        <Route
          component={[Function]}
          path="/n/:networkSlug/settings"
        />
        <Route
          component={[Function]}
          path="/n/:networkSlug/communities"
        />
        <Route
          component={[Function]}
          exact={true}
          path="/n/:networkSlug/:topicName"
        />
        <Route
          component={[Function]}
          path="/events"
        />
        <Route
          component={[Function]}
          path="/settings"
        />
        <Route
          component={[Function]}
          path="/search"
        />
        <Route
          component={[Function]}
          key="/signup/upload-photo"
          path="/signup/upload-photo"
        />
        <Route
          component={[Function]}
          key="/signup/add-location"
          path="/signup/add-location"
        />
        <Route
          component={[Function]}
          key="/signup/add-skills"
          path="/signup/add-skills"
        />
        <Route
          component={[Function]}
          key="/signup/review"
          path="/signup/review"
        />
        <Route
          component={[Function]}
          key="/create-community/name/:networkId"
          path="/create-community/name/:networkId"
        />
        <Route
          component={[Function]}
          key="/create-community/name"
          path="/create-community/name"
        />
        <Route
          component={[Function]}
          key="/create-community/domain"
          path="/create-community/domain"
        />
        <Route
          component={[Function]}
          key="/create-community/review"
          path="/create-community/review"
        />
      </Switch>
    </div>
    <div
      data-stylename="sidebar"
    >
      <Route
        component={[Function]}
        exact={true}
        path="/c/:slug/p/new"
      />
      <Route
        component={[Function]}
        exact={true}
        path="/c/:slug"
      />
      <Route
        component={[Function]}
        exact={true}
        path="/c/:slug/:topicName/p/new"
      />
      <Route
        component={[Function]}
        exact={true}
        path="/c/:slug/:topicName"
      />
      <Route
        component={[Function]}
        path="/c/:slug/m/:id"
      />
      <Route
        component={[Function]}
        path="/n/:slug/m/:id"
      />
      <Route
        component={[Function]}
        path="/m/:id"
      />
      <Route
        component={[Function]}
        exact={true}
        path="/n/:slug"
      />
    </div>
    <div
      data-stylename="detail hidden"
      id="detail-column"
    >
      <Route
        component={[Function]}
        key="/events/:eventId"
        path="/events/:eventId"
      />
      <Route
        component={[Function]}
        key="/all/p/:postId(\\\\d+)"
        path="/all/p/:postId(\\\\d+)"
      />
      <Route
        component={[Function]}
        key="/c/:slug/p/:postId(\\\\d+)"
        path="/c/:slug/p/:postId(\\\\d+)"
      />
      <Route
        component={[Function]}
        key="/n/:networkSlug/p/:postId(\\\\d+)"
        path="/n/:networkSlug/p/:postId(\\\\d+)"
      />
      <Route
        component={[Function]}
        key="/c/:slug/m/:id/p/:postId(\\\\d+)"
        path="/c/:slug/m/:id/p/:postId(\\\\d+)"
      />
      <Route
        component={[Function]}
        key="/c/:slug/:topicName/p/:postId(\\\\d+)"
        path="/c/:slug/:topicName/p/:postId(\\\\d+)"
      />
      <Route
        component={[Function]}
        key="/n/:slug/m/:id/p/:postId(\\\\d+)"
        path="/n/:slug/m/:id/p/:postId(\\\\d+)"
      />
    </div>
  </div>
  <Route
    component={[Function]}
    path="/t"
  />
  <Connect(SocketListener)
    location={
      Object {
        "pathname": "path",
      }
    }
  />
  <Connect(SocketSubscriber)
    type="community"
  />
  <Intercom />
  <Route
    exact={true}
    key="/all/p/new"
    path="/all/p/new"
  />
  <Route
    exact={true}
    key="/c/:slug/p/new"
    path="/c/:slug/p/new"
  />
  <Route
    exact={true}
    key="/c/:slug/:topicName/p/new"
    path="/c/:slug/:topicName/p/new"
  />
  <Route
    exact={true}
    key="/all/p/:postId/edit"
    path="/all/p/:postId/edit"
  />
  <Route
    exact={true}
    key="/c/:slug/p/:postId/edit"
    path="/c/:slug/p/:postId/edit"
  />
  <Route
    exact={true}
    key="/c/:slug/m/:id/p/:postId/edit"
    path="/c/:slug/m/:id/p/:postId/edit"
  />
  <Route
    exact={true}
    key="/c/:slug/:topicName/p/:postId/edit"
    path="/c/:slug/:topicName/p/:postId/edit"
  />
  <Route
    exact={true}
    key="/n/:slug/m/:id/p/:postId/edit"
    path="/n/:slug/m/:id/p/:postId/edit"
  />
</div>
`;

exports[`shows NotFound if a currentUser is loaded and the community does not exist 1`] = `<withRouter(Connect(NotFound)) />`;
