// Jest Snapshot v1, https://goo.gl/fbAQLP

exports[`Signup renders correctly 1`] = `
<div>
  <h1
    data-stylename="title"
  >
    Reset Your Password
  </h1>
  <div
    data-stylename="subtitle"
  >
    Enter your email address and we'll send you an email that lets you reset your password.
  </div>
  <div
    data-stylename="field"
  >
    <label
      data-stylename="field-label"
    >
      Your email address
    </label>
    <TextInput
      inputRef={[Function]}
      name="email"
      noClearButton={true}
      onChange={[Function]}
      type="text"
      value=""
    />
  </div>
  <Button
    color="gray"
    data-stylename="submit"
    label="Reset"
    onClick={null}
  />
</div>
`;
