// Jest Snapshot v1, https://goo.gl/fbAQLP

exports[`renders correctly 1`] = `
<div>
  <div
    data-stylename="styles.header"
  >
    <div
      data-stylename="styles.title"
    >
      Invite People
    </div>
    <div
      data-stylename="styles.subtitle"
    >
      to 
      Hylo
       on Hylo
    </div>
  </div>
  <div
    data-stylename="styles.invite-link-settings"
  >
    <div
      data-stylename="styles.invite-link-text"
    >
      <div
        data-stylename="styles.help"
      >
        Anyone with this link can join the community
      </div>
      <div
        data-stylename="styles.invite-link"
      >
        http://www.hylo.com/c/hylo/join/lalala
      </div>
    </div>
    <div
      data-stylename="styles.buttons"
    >
      <Button
        color="green-white-green-border"
        data-stylename="styles.reset-button"
        narrow={true}
        onClick={[Function]}
        small={true}
      >
        Reset Link
      </Button>
      <CopyToClipboard
        onCopy={[Function]}
        text="http://www.hylo.com/c/hylo/join/lalala"
      >
        <Button
          color="green-white-green-border"
          data-stylename="styles.copy-button"
          narrow={true}
          small={true}
        >
          Copy Link
        </Button>
      </CopyToClipboard>
    </div>
  </div>
  <div
    data-stylename="styles.email-section"
  >
    <TextareaAutosize
      data-stylename="styles.invite-msg-input"
      minRows={5}
      onChange={[Function]}
      onHeightChange={[Function]}
      placeholder="Type email addresses"
      useCacheForDOMMeasurements={false}
      value=""
    />
    <TextareaAutosize
      data-stylename="styles.invite-msg-input"
      minRows={5}
      onChange={[Function]}
      onHeightChange={[Function]}
      useCacheForDOMMeasurements={false}
      value="Hey! Hereâ€™s an invite to the Hylo community on Hylo."
    />
    <div
      data-stylename="styles.send-invite-button"
    >
      <Button
        color="green"
        disabled={true}
        narrow={true}
        onClick={[Function]}
        small={true}
      >
        Send Invite
      </Button>
    </div>
  </div>
  <div
    data-stylename="styles.pending-invites-section"
  >
    <div
      data-stylename="styles.pending-invites-header"
    >
      <h1
        style={
          Object {
            "flex": 1,
          }
        }
      >
        No 
        Pending Invites
      </h1>
    </div>
    <div
      data-stylename="styles.pending-invites-list"
    >
      <CSSTransitionGroup
        transitionAppear={false}
        transitionEnter={true}
        transitionEnterTimeout={400}
        transitionLeave={true}
        transitionLeaveTimeout={500}
        transitionName={
          Object {
            "enter": undefined,
            "enterActive": undefined,
            "leave": undefined,
            "leaveActive": undefined,
          }
        }
      />
    </div>
  </div>
</div>
`;
