// Jest Snapshot v1, https://goo.gl/fbAQLP

exports[`Signup should call signup 1`] = `
Object {
  "payload": Object {
    "api": Object {
      "method": "post",
      "params": Object {
        "email": "test@hylo.com",
        "login": true,
        "name": "name",
        "password": "testPassword",
      },
      "path": "/noo/user",
    },
  },
  "type": "SIGNUP",
}
`;
