// Jest Snapshot v1, https://goo.gl/fbAQLP

exports[`mapDispatchToProps correctly sets up updateTimeframe and fetchEvents 1`] = `
Object {
  "payload": "future",
  "type": "Events/UPDATE_TIMEFRAME",
}
`;

exports[`mapDispatchToProps correctly sets up updateTimeframe and fetchEvents 2`] = `[Function]`;

exports[`mapDispatchToProps correctly sets up updateTimeframe and fetchEvents 3`] = `
Object {
  "payload": Object {
    "args": Array [
      "/groups/foo/create/post?newPostType=event",
    ],
    "method": "push",
  },
  "type": "@@router/CALL_HISTORY_METHOD",
}
`;
