// Jest Snapshot v1, https://goo.gl/fbAQLP

exports[`Events renders a post list 1`] = `
<div>
  <HelmetWrapper
    defer={true}
    encodeSpecialCharacters={true}
  >
    <title>
      Events | 
      Hylo
    </title>
  </HelmetWrapper>
  <StreamBanner
    currentUser={
      Object {
        "id": 1,
      }
    }
    currentUserHasMemberships={true}
    icon="Events"
    label="Events"
    querystringParams={Object {}}
    routeParams={Object {}}
    type="event"
  />
  <div
    data-stylename="viewStyles.stream-view-container"
  >
    <div
      data-stylename="viewStyles.stream-view-ctrls"
    >
      <Dropdown
        items={
          Array [
            Object {
              "label": "Upcoming Events",
              "onClick": [Function],
            },
            Object {
              "label": "Past Events",
              "onClick": [Function],
            },
          ]
        }
        toggleChildren={
          <span
            data-stylename="viewStyles.dropdown-label"
          >
            <Icon
              name="ArrowDown"
            />
            Upcoming Events
          </span>
        }
      />
    </div>
  </div>
  <div
    data-stylename="s.events-stream"
  >
    <Connect(PostCard)
      childPost={true}
      data-stylename="s.event-card"
      expanded={false}
      key="1"
      post={
        Object {
          "groups": Array [],
          "id": 1,
        }
      }
      routeParams={Object {}}
    />
    <Connect(PostCard)
      childPost={true}
      data-stylename="s.event-card"
      expanded={false}
      key="2"
      post={
        Object {
          "groups": Array [],
          "id": 2,
        }
      }
      routeParams={Object {}}
    />
    <Connect(PostCard)
      childPost={true}
      data-stylename="s.event-card"
      expanded={false}
      key="3"
      post={
        Object {
          "groups": Array [],
          "id": 3,
        }
      }
      routeParams={Object {}}
    />
  </div>
  <ScrollListener
    elementId="center-column"
    onBottom={[Function]}
  />
</div>
`;
