// Jest Snapshot v1, https://goo.gl/fbAQLP

exports[`NetworkSidebar matches the last snapshot 1`] = `
<div
  data-stylename="network-sidebar"
/>
`;

exports[`NetworkSidebar shows the settings link if a admin 1`] = `
<div
  data-stylename="network-sidebar"
>
  <Link
    data-stylename="settings-link"
    replace={false}
    to="/n/networky-network/settings"
  >
    Settings
  </Link>
</div>
`;

exports[`NetworkSidebar shows the settings link if a moderator 1`] = `
<div
  data-stylename="network-sidebar"
>
  <Link
    data-stylename="settings-link"
    replace={false}
    to="/n/networky-network/settings"
  >
    Settings
  </Link>
</div>
`;
