// Jest Snapshot v1, https://goo.gl/fbAQLP

exports[`matches the last snapshot 1`] = `
<ul
  data-styleName="people-selector-matches"
>
  <PersonListItem
    active={true}
    onClick={[Function]}
    onMouseOver={[Function]}
    person={
      Object {
        "avatarUrl": "https://s3.amazonaws.com/uifaces/faces/twitter/saarabpreet/128.jpg",
        "community": "Associate",
        "id": "72297",
        "name": "Cristal Heller",
      }
    }
  />
  <PersonListItem
    active={false}
    onClick={[Function]}
    onMouseOver={[Function]}
    person={
      Object {
        "avatarUrl": "https://s3.amazonaws.com/uifaces/faces/twitter/orkuncaylar/128.jpg",
        "community": "Associate",
        "id": "72552",
        "name": "Helga Cronin",
      }
    }
  />
  <PersonListItem
    active={false}
    onClick={[Function]}
    onMouseOver={[Function]}
    person={
      Object {
        "avatarUrl": "https://s3.amazonaws.com/uifaces/faces/twitter/larrygerard/128.jpg",
        "community": "Associate",
        "id": "72257",
        "name": "Isadore Herzog",
      }
    }
  />
  <PersonListItem
    active={false}
    onClick={[Function]}
    onMouseOver={[Function]}
    person={
      Object {
        "avatarUrl": "https://s3.amazonaws.com/uifaces/faces/twitter/antonyzotov/128.jpg",
        "community": "Associate",
        "id": "72041",
        "name": "Oma Hettinger",
      }
    }
  />
</ul>
`;
