// Jest Snapshot v1, https://goo.gl/fbAQLP

exports[`formatDatePair displays differences of dates 1`] = `"Mon, Feb 4 at 6:41PM"`;

exports[`formatDatePair displays differences of dates 2`] = `"Mon, Feb 4 at 6:41PM - 9:41PM"`;

exports[`formatDatePair displays differences of dates 3`] = `"Mon, Feb 4 at 6:41PM - Tue 5 at 9:41PM"`;

exports[`formatDatePair displays differences of dates 4`] = `"Mon, Feb 4 at 6:41PM - Tue, Mar 5 at 9:41PM"`;
