// Jest Snapshot v1, https://goo.gl/fbAQLP

exports[`NotificationSettings renders correctly 1`] = `
<div>
  <div
    data-styleName="title"
  >
    Notifications
  </div>
  <div
    data-styleName="prompt"
  >
    How often would you like to receive email digests for new posts in your communities?
  </div>
  <Select
    onChange={[Function]}
    options={
      Array [
        Object {
          "id": "daily",
          "label": "Daily",
        },
        Object {
          "id": "weekly",
          "label": "Weekly",
        },
        Object {
          "id": "never",
          "label": "Never",
        },
      ]
    }
    selected="daily"
  />
  <div
    data-styleName="prompt"
  >
    How would you like to receive notifications about new direct messages?
  </div>
  <Select
    onChange={[Function]}
    options={
      Array [
        Object {
          "id": "none",
          "label": "None",
        },
        Object {
          "id": "email",
          "label": "Email",
        },
        Object {
          "id": "push",
          "label": "Mobile App",
        },
        Object {
          "id": "both",
          "label": "Both",
        },
      ]
    }
    selected="none"
  />
  <div
    data-styleName="prompt"
  >
    How would you like to receive notifications about new comments on posts you're following?
  </div>
  <Select
    onChange={[Function]}
    options={
      Array [
        Object {
          "id": "none",
          "label": "None",
        },
        Object {
          "id": "email",
          "label": "Email",
        },
        Object {
          "id": "push",
          "label": "Mobile App",
        },
        Object {
          "id": "both",
          "label": "Both",
        },
      ]
    }
    selected="email"
  />
  <div
    data-styleName="help"
  >
    <p
      data-styleName="help-paragraph"
    >
      Download our 
      <a
        href="https://itunes.apple.com/app/appName/id1002185140"
        target="_blank"
      >
        iOS
      </a>
      Â  or 
      <a
        href="https://play.google.com/store/apps/details?id=com.hylo.hyloandroid"
        target="_blank"
      >
        Android
      </a>
       app to receive push notifications.
    </p>
    <p
      data-styleName="help-paragraph"
    >
      See the 
      <Link
        replace={true}
        to="/settings/communities"
      >
        Communities
      </Link>
       section to change notifications for an individual community.
    </p>
  </div>
</div>
`;
