// Jest Snapshot v1, https://goo.gl/fbAQLP

exports[`renders correctly 1`] = `
<withRouter(Connect(FullPageModal))
  content={
    <div
      style={
        Object {
          "textAlign": "center",
        }
      }
    >
      Your community has been deleted.
    </div>
  }
/>
`;
