// Jest Snapshot v1, https://goo.gl/fbAQLP

exports[`mapStateToProps returns the right keys 1`] = `
Object {
  "otherParticipants": Array [
    "two",
    "three",
  ],
  "threadId": 1,
}
`;
