// Jest Snapshot v1, https://goo.gl/fbAQLP

exports[`matches last snapshot 1`] = `
<div
  data-styleName="selector-matched-item"
>
  <RoundImage
    data-styleName="avatar"
    small={true}
  />
  <span
    data-styleName="name"
  />
  <span>
    <Icon
      data-styleName="delete-match"
      name="Ex"
    />
  </span>
</div>
`;
