// Jest Snapshot v1, https://goo.gl/fbAQLP

exports[`NonAuthLayout renders correctly 1`] = `
<div
  data-stylename="background"
>
  <div
    data-stylename="particlesBackgroundWrapper"
  >
    <t
      height="100%"
      params={
        Object {
          "interactivity": Object {
            "detect_on": "canvas",
            "events": Object {
              "onclick": Object {
                "enable": false,
                "mode": "push",
              },
              "onhover": Object {
                "enable": false,
                "mode": "repulse",
              },
              "resize": true,
            },
            "modes": Object {
              "bubble": Object {
                "distance": 400,
                "duration": 2,
                "opacity": 8,
                "size": 40,
                "speed": 3,
              },
              "grab": Object {
                "distance": 400,
                "line_linked": Object {
                  "opacity": 1,
                },
              },
              "push": Object {
                "particles_nb": 4,
              },
              "remove": Object {
                "particles_nb": 2,
              },
              "repulse": Object {
                "distance": 200,
                "duration": 0.4,
              },
            },
          },
          "particles": Object {
            "color": Object {
              "value": "#0dc39f",
            },
            "line_linked": Object {
              "color": "#0dc39f",
              "distance": 150,
              "enable": true,
              "opacity": 0.4,
              "width": 1,
            },
            "move": Object {
              "attract": Object {
                "enable": true,
                "rotateX": 600,
                "rotateY": 1200,
              },
              "bounce": false,
              "direction": "none",
              "enable": true,
              "out_mode": "out",
              "random": true,
              "speed": 1,
              "straight": false,
            },
            "number": Object {
              "density": Object {
                "enable": true,
                "value_area": 800,
              },
              "value": 32,
            },
            "opacity": Object {
              "anim": Object {
                "enable": false,
                "opacity_min": 0.1,
                "speed": 1,
                "sync": false,
              },
              "random": true,
              "value": 0.5,
            },
            "shape": Object {
              "image": Object {
                "height": 100,
                "src": "img/github.svg",
                "width": 100,
              },
              "polygon": Object {
                "nb_sides": 5,
              },
              "stroke": Object {
                "color": "#000000",
                "width": 0,
              },
              "type": "circle",
            },
            "size": Object {
              "anim": Object {
                "enable": false,
                "size_min": 0.1,
                "speed": 40,
                "sync": false,
              },
              "random": true,
              "value": 4.008530152163807,
            },
          },
          "retina_detect": true,
        }
      }
      style={
        Object {
          "height": "100%",
          "left": 0,
          "position": "fixed",
          "top": 0,
          "width": "100%",
        }
      }
      width="100%"
    />
  </div>
  <div
    data-stylename="topRow"
  >
    <a
      href="/"
    >
      <img
        alt="Hylo logo"
        data-stylename="logo"
        src="assets/hylo.svg"
      />
    </a>
    <Route
      component={[Function]}
      path="/login"
    />
    <Route
      component={[Function]}
      path="/reset-password"
    />
  </div>
  <Route
    component={[Function]}
    path="/login"
  />
  <Route
    component={[Function]}
    path="/signup"
  />
  <Route
    component={[Function]}
    path="/reset-password"
  />
  <div>
    <p
      data-stylename="below-container"
    >
      <Route
        component={[Function]}
        path="/signup"
      />
    </p>
  </div>
</div>
`;
